2026-03-07 01:54:02.414 [DEBUG] sptnr_matching_utils not available, using legacy normalization
2026-03-07 01:54:14.107 [DEBUG] sptnr_matching_utils not available, using legacy normalization
2026-03-07 01:54:14.125 [DEBUG] sptnr_[CONFIG] Source confidence settings: {'discogs': 'high', 'spotify': 'medium', 'musicbrainz': 'medium', 'discogs_video': 'medium', 'lastfm': 'medium', 'radio_edit': 'medium'}
2026-03-07 01:54:14.125 [DEBUG] sptnr_[DETECT] Starting single detection for: 'Hit Single' by Test Artist (album: Test Album, pop: 90.0)
2026-03-07 01:54:14.126 [DEBUG] sptnr_[ARTIST_STATS] Mean: 48.8, StdDev: 29.5, Tracks: 4
2026-03-07 01:54:14.126 [DEBUG] sptnr_[ALBUM_STATS] Mean: 48.8, Median: 40.0, StdDev: 29.5, Tracks: 4
2026-03-07 01:54:14.126 [DEBUG] sptnr_[ZSCORE] Album: median=40.0, MAD=12.5, MAD_scaled=18.5, pop=90.0, z=2.70
2026-03-07 01:54:14.126 [DEBUG] sptnr_[ZSCORE] Artist: median=40.0, MAD=12.5, MAD_scaled=18.5, pop=90.0, z=2.70
2026-03-07 01:54:14.126 [DEBUG] sptnr_[ZSCORE] ✓ Track qualifies for metadata checks (album_z=2.70, artist_z=2.70)
2026-03-07 01:54:14.126 [DEBUG] sptnr_[LASTFM] Client not available
2026-03-07 01:54:14.126 [DEBUG] sptnr_[LASTFM] Client not available
2026-03-07 01:54:14.126 [DEBUG] sptnr_[ARTIST_FILTER] ✓ PASSED - pop=90.0 >= artist_mean=48.8
2026-03-07 01:54:14.126 [DEBUG] sptnr_[ARTIST_STANDOUT] is_artist_level_standout=False (pop=90.0, median=0.0)
2026-03-07 01:54:14.126 [DEBUG] sptnr_[FINAL_DECISION] Sources found: []
2026-03-07 01:54:14.126 [DEBUG] sptnr_[FINAL_DECISION] Has metadata: False, discogs: False, spotify: False, mb: False, video: False
2026-03-07 01:54:14.126 [DEBUG] sptnr_[FINAL_DECISION] Additional params: lastfm=False, radio_edit=False, album_z=2.70, artist_z=2.70, version_count=0
2026-03-07 01:54:14.127 [DEBUG] sptnr_[CONFIDENCE] Source counts: high=0, medium=0, max_z=2.70
2026-03-07 01:54:14.127 [DEBUG] sptnr_[CONFIDENCE] Metadata flags: discogs=False, spotify=False, mb=False, video=False, lastfm=False, radio_edit=False
2026-03-07 01:54:14.127 [DEBUG] sptnr_[CONFIDENCE] → RETURNING 'none' (insufficient sources for z-score threshold: max_z=2.70, high=0, medium=0)
2026-03-07 01:54:14.127 [DEBUG] sptnr_[FINAL_DECISION] Final status determined: none
2026-03-07 01:54:14.127 [DEBUG] sptnr_[POPULAR] ✯ Track has exceptional z-score (max_z=2.70 > 2.0) without metadata sources - marking as 'Popular'
2026-03-07 01:54:14.127 [DEBUG] sptnr_[RESULT] is_single set to: False (status: none)
2026-03-07 01:54:14.127 [DEBUG] sptnr_[DETECT] ✓ Detection complete for 'Hit Single' - is_single=False, confidence=none
